###############################################################################
#
# IAR ELF Linker V9.50.1.380/W64 for ARM                  25/Mar/2024  14:46:43
# Copyright 2007-2023 IAR Systems AB.
#
#    Output file  =
#        D:\Files\SJTU\second_second\engineering4-D\HSP_C6\HSP\Debug\Exe\HSP.out
#    Map file     =
#        D:\Files\SJTU\second_second\engineering4-D\HSP_C6\HSP\Debug\List\HSP.map
#    Command line =
#        -f
#        D:\Files\SJTU\second_second\engineering4-D\HSP_C6\HSP\Debug\Exe\HSP.out.rsp
#        (D:\Files\SJTU\second_second\engineering4-D\HSP_C6\HSP\Debug\Obj\App_2489385672134236918.dir\00_MENU.o
#        D:\Files\SJTU\second_second\engineering4-D\HSP_C6\HSP\Debug\Obj\App_2489385672134236918.dir\Ex1_gpio.o
#        D:\Files\SJTU\second_second\engineering4-D\HSP_C6\HSP\Debug\Obj\App_2489385672134236918.dir\Ex2_I2c.o
#        D:\Files\SJTU\second_second\engineering4-D\HSP_C6\HSP\Debug\Obj\App_2489385672134236918.dir\Ex3_tft18.o
#        D:\Files\SJTU\second_second\engineering4-D\HSP_C6\HSP\Debug\Obj\App_2489385672134236918.dir\Ex4_adc.o
#        D:\Files\SJTU\second_second\engineering4-D\HSP_C6\HSP\Debug\Obj\App_2489385672134236918.dir\Ex5_uart.o
#        D:\Files\SJTU\second_second\engineering4-D\HSP_C6\HSP\Debug\Obj\App_2489385672134236918.dir\Ex6_pwm.o
#        D:\Files\SJTU\second_second\engineering4-D\HSP_C6\HSP\Debug\Obj\App_2489385672134236918.dir\Ex7_dci.o
#        D:\Files\SJTU\second_second\engineering4-D\HSP_C6\HSP\Debug\Obj\App_2489385672134236918.dir\Ex8_rtc.o
#        D:\Files\SJTU\second_second\engineering4-D\HSP_C6\HSP\Debug\Obj\GD32F470_Peripherals_11143062579488607573.dir\gd32f4xx_adc.o
#        D:\Files\SJTU\second_second\engineering4-D\HSP_C6\HSP\Debug\Obj\GD32F470_Peripherals_11143062579488607573.dir\gd32f4xx_can.o
#        D:\Files\SJTU\second_second\engineering4-D\HSP_C6\HSP\Debug\Obj\GD32F470_Peripherals_11143062579488607573.dir\gd32f4xx_crc.o
#        D:\Files\SJTU\second_second\engineering4-D\HSP_C6\HSP\Debug\Obj\GD32F470_Peripherals_11143062579488607573.dir\gd32f4xx_ctc.o
#        D:\Files\SJTU\second_second\engineering4-D\HSP_C6\HSP\Debug\Obj\GD32F470_Peripherals_11143062579488607573.dir\gd32f4xx_dac.o
#        D:\Files\SJTU\second_second\engineering4-D\HSP_C6\HSP\Debug\Obj\GD32F470_Peripherals_11143062579488607573.dir\gd32f4xx_dbg.o
#        D:\Files\SJTU\second_second\engineering4-D\HSP_C6\HSP\Debug\Obj\GD32F470_Peripherals_11143062579488607573.dir\gd32f4xx_dci.o
#        D:\Files\SJTU\second_second\engineering4-D\HSP_C6\HSP\Debug\Obj\GD32F470_Peripherals_11143062579488607573.dir\gd32f4xx_dma.o
#        D:\Files\SJTU\second_second\engineering4-D\HSP_C6\HSP\Debug\Obj\GD32F470_Peripherals_11143062579488607573.dir\gd32f4xx_enet.o
#        D:\Files\SJTU\second_second\engineering4-D\HSP_C6\HSP\Debug\Obj\GD32F470_Peripherals_11143062579488607573.dir\gd32f4xx_exmc.o
#        D:\Files\SJTU\second_second\engineering4-D\HSP_C6\HSP\Debug\Obj\GD32F470_Peripherals_11143062579488607573.dir\gd32f4xx_exti.o
#        D:\Files\SJTU\second_second\engineering4-D\HSP_C6\HSP\Debug\Obj\GD32F470_Peripherals_11143062579488607573.dir\gd32f4xx_fmc.o
#        D:\Files\SJTU\second_second\engineering4-D\HSP_C6\HSP\Debug\Obj\GD32F470_Peripherals_11143062579488607573.dir\gd32f4xx_fwdgt.o
#        D:\Files\SJTU\second_second\engineering4-D\HSP_C6\HSP\Debug\Obj\GD32F470_Peripherals_11143062579488607573.dir\gd32f4xx_gpio.o
#        D:\Files\SJTU\second_second\engineering4-D\HSP_C6\HSP\Debug\Obj\GD32F470_Peripherals_11143062579488607573.dir\gd32f4xx_i2c.o
#        D:\Files\SJTU\second_second\engineering4-D\HSP_C6\HSP\Debug\Obj\GD32F470_Peripherals_11143062579488607573.dir\gd32f4xx_ipa.o
#        D:\Files\SJTU\second_second\engineering4-D\HSP_C6\HSP\Debug\Obj\GD32F470_Peripherals_11143062579488607573.dir\gd32f4xx_iref.o
#        D:\Files\SJTU\second_second\engineering4-D\HSP_C6\HSP\Debug\Obj\Main_13238667732884069010.dir\gd32f4xx_it.o
#        D:\Files\SJTU\second_second\engineering4-D\HSP_C6\HSP\Debug\Obj\GD32F470_Peripherals_11143062579488607573.dir\gd32f4xx_misc.o
#        D:\Files\SJTU\second_second\engineering4-D\HSP_C6\HSP\Debug\Obj\GD32F470_Peripherals_11143062579488607573.dir\gd32f4xx_pmu.o
#        D:\Files\SJTU\second_second\engineering4-D\HSP_C6\HSP\Debug\Obj\GD32F470_Peripherals_11143062579488607573.dir\gd32f4xx_rcu.o
#        D:\Files\SJTU\second_second\engineering4-D\HSP_C6\HSP\Debug\Obj\GD32F470_Peripherals_11143062579488607573.dir\gd32f4xx_rtc.o
#        D:\Files\SJTU\second_second\engineering4-D\HSP_C6\HSP\Debug\Obj\GD32F470_Peripherals_11143062579488607573.dir\gd32f4xx_sdio.o
#        D:\Files\SJTU\second_second\engineering4-D\HSP_C6\HSP\Debug\Obj\GD32F470_Peripherals_11143062579488607573.dir\gd32f4xx_spi.o
#        D:\Files\SJTU\second_second\engineering4-D\HSP_C6\HSP\Debug\Obj\GD32F470_Peripherals_11143062579488607573.dir\gd32f4xx_syscfg.o
#        D:\Files\SJTU\second_second\engineering4-D\HSP_C6\HSP\Debug\Obj\GD32F470_Peripherals_11143062579488607573.dir\gd32f4xx_timer.o
#        D:\Files\SJTU\second_second\engineering4-D\HSP_C6\HSP\Debug\Obj\GD32F470_Peripherals_11143062579488607573.dir\gd32f4xx_tli.o
#        D:\Files\SJTU\second_second\engineering4-D\HSP_C6\HSP\Debug\Obj\GD32F470_Peripherals_11143062579488607573.dir\gd32f4xx_trng.o
#        D:\Files\SJTU\second_second\engineering4-D\HSP_C6\HSP\Debug\Obj\GD32F470_Peripherals_11143062579488607573.dir\gd32f4xx_usart.o
#        D:\Files\SJTU\second_second\engineering4-D\HSP_C6\HSP\Debug\Obj\GD32F470_Peripherals_11143062579488607573.dir\gd32f4xx_wwdgt.o
#        D:\Files\SJTU\second_second\engineering4-D\HSP_C6\HSP\Debug\Obj\Utilities_17002154029713865955.dir\GFX_FUNCTIONS.o
#        D:\Files\SJTU\second_second\engineering4-D\HSP_C6\HSP\Debug\Obj\Board_7221520210927654578.dir\hsp_adc.o
#        D:\Files\SJTU\second_second\engineering4-D\HSP_C6\HSP\Debug\Obj\Utilities_17002154029713865955.dir\HSP_CAT9555.o
#        D:\Files\SJTU\second_second\engineering4-D\HSP_C6\HSP\Debug\Obj\Utilities_17002154029713865955.dir\HSP_COMM.o
#        D:\Files\SJTU\second_second\engineering4-D\HSP_C6\HSP\Debug\Obj\Board_7221520210927654578.dir\hsp_dci.o
#        D:\Files\SJTU\second_second\engineering4-D\HSP_C6\HSP\Debug\Obj\Utilities_17002154029713865955.dir\HSP_ENCODER.o
#        D:\Files\SJTU\second_second\engineering4-D\HSP_C6\HSP\Debug\Obj\Utilities_17002154029713865955.dir\HSP_GD25Q64.o
#        D:\Files\SJTU\second_second\engineering4-D\HSP_C6\HSP\Debug\Obj\Board_7221520210927654578.dir\hsp_gpio.o
#        D:\Files\SJTU\second_second\engineering4-D\HSP_C6\HSP\Debug\Obj\Board_7221520210927654578.dir\hsp_i2c.o
#        D:\Files\SJTU\second_second\engineering4-D\HSP_C6\HSP\Debug\Obj\Utilities_17002154029713865955.dir\HSP_MMA8451.o
#        D:\Files\SJTU\second_second\engineering4-D\HSP_C6\HSP\Debug\Obj\Utilities_17002154029713865955.dir\HSP_MOTOR.o
#        D:\Files\SJTU\second_second\engineering4-D\HSP_C6\HSP\Debug\Obj\Utilities_17002154029713865955.dir\HSP_MT9V034.o
#        D:\Files\SJTU\second_second\engineering4-D\HSP_C6\HSP\Debug\Obj\Board_7221520210927654578.dir\hsp_rtc.o
#        D:\Files\SJTU\second_second\engineering4-D\HSP_C6\HSP\Debug\Obj\Board_7221520210927654578.dir\hsp_spi.o
#        D:\Files\SJTU\second_second\engineering4-D\HSP_C6\HSP\Debug\Obj\Utilities_17002154029713865955.dir\HSP_TFCARD.o
#        D:\Files\SJTU\second_second\engineering4-D\HSP_C6\HSP\Debug\Obj\Utilities_17002154029713865955.dir\HSP_TFT18.o
#        D:\Files\SJTU\second_second\engineering4-D\HSP_C6\HSP\Debug\Obj\Board_7221520210927654578.dir\hsp_timer.o
#        D:\Files\SJTU\second_second\engineering4-D\HSP_C6\HSP\Debug\Obj\Utilities_17002154029713865955.dir\HSP_TSL1401.o
#        D:\Files\SJTU\second_second\engineering4-D\HSP_C6\HSP\Debug\Obj\Board_7221520210927654578.dir\hsp_uart.o
#        D:\Files\SJTU\second_second\engineering4-D\HSP_C6\HSP\Debug\Obj\Utilities_17002154029713865955.dir\HSP_WRITE.o
#        D:\Files\SJTU\second_second\engineering4-D\HSP_C6\HSP\Debug\Obj\App_2489385672134236918.dir\Lab1_hmi.o
#        D:\Files\SJTU\second_second\engineering4-D\HSP_C6\HSP\Debug\Obj\App_2489385672134236918.dir\Lab2_sensor.o
#        D:\Files\SJTU\second_second\engineering4-D\HSP_C6\HSP\Debug\Obj\App_2489385672134236918.dir\Lab3_ccd.o
#        D:\Files\SJTU\second_second\engineering4-D\HSP_C6\HSP\Debug\Obj\App_2489385672134236918.dir\Lab4_motor.o
#        D:\Files\SJTU\second_second\engineering4-D\HSP_C6\HSP\Debug\Obj\Main_13238667732884069010.dir\main.o
#        D:\Files\SJTU\second_second\engineering4-D\HSP_C6\HSP\Debug\Obj\App_2489385672134236918.dir\Project1_LineFollower.o
#        D:\Files\SJTU\second_second\engineering4-D\HSP_C6\HSP\Debug\Obj\Startup_17868067532763321386.dir\startup_gd32f450_470.o
#        D:\Files\SJTU\second_second\engineering4-D\HSP_C6\HSP\Debug\Obj\CMSIS_13545061835669826545.dir\system_gd32f4xx.o
#        D:\Files\SJTU\second_second\engineering4-D\HSP_C6\HSP\Debug\Obj\Main_13238667732884069010.dir\systick.o
#        --redirect _Printf=_PrintfFullNoMb --redirect _Scanf=_ScanfFullNoMb
#        --no_out_extension -o
#        D:\Files\SJTU\second_second\engineering4-D\HSP_C6\HSP\Debug\Exe\HSP.out
#        --map
#        D:\Files\SJTU\second_second\engineering4-D\HSP_C6\HSP\Debug\List\HSP.map
#        --config "D:\Program Files\IAR Systems\Embedded Workbench
#        9.2\arm/config/linker/GD/GD32F470xG.icf" --semihosting --entry
#        __iar_program_start --redirect __write=__write_buffered --vfe
#        --text_out locale --cpu=Cortex-M4 --fpu=VFPv4_sp) --dependencies=n
#        D:\Files\SJTU\second_second\engineering4-D\HSP_C6\HSP\Debug\Exe\HSP.out.iar_deps
#
###############################################################################

*******************************************************************************
*** RUNTIME MODEL ATTRIBUTES
***

CppFlavor       = *
__CPP_Runtime   = 1
__SystemLibrary = DLib
__dlib_version  = 6


*******************************************************************************
*** HEAP SELECTION
***

The basic heap was selected because --advanced_heap
was not specified and the application did not appear to
be primarily optimized for speed.


*******************************************************************************
*** PLACEMENT SUMMARY
***

"A0":  place at address 0x800'0000 { ro section .intvec };
"P1":  place in [from 0x800'0000 to 0x80f'ffff] { ro };
define block CSTACK with size = 8K, alignment = 8 { };
define block HEAP with size = 8K, alignment = 8 { };
"P2":  place in [from 0x2000'0000 to 0x2006'ffff] {
          rw, block CSTACK, block HEAP };
initialize by copy { rw };

No sections matched the following patterns:

  section .sram  in "P3"


  Section            Kind         Address  Aligment      Size  Object
  -------            ----         -------  --------      ----  ------
"A0":                                                   0x1ac
  .intvec            ro code   0x800'0000         4     0x1ac  startup_gd32f450_470.o [6]
                             - 0x800'01ac               0x1ac

"P1":                                                0x1'3563
  .rodata            const     0x800'01ac         4    0xa000  Ex3_tft18.o [1]
  .text              ro code   0x800'a1ac         4    0x129c  00_MENU.o [1]
  .text              ro code   0x800'b448         4      0xf0  hsp_spi.o [2]
  .text              ro code   0x800'b538         4     0x938  HSP_TFT18.o [7]
  .text              ro code   0x800'be70         4     0x17a  gd32f4xx_gpio.o [4]
  .text              ro code   0x800'bfea         2      0x7e  lz77_init_single.o [10]
  .text              ro code   0x800'c068         4      0xb8  systick.o [5]
  .text              ro code   0x800'c120         4     0x3dc  gd32f4xx_rcu.o [4]
  .text              ro code   0x800'c4fc         4      0x10  gd32f4xx_pmu.o [4]
  .text              ro code   0x800'c50c         4     0x224  gd32f4xx_rtc.o [4]
  .text              ro code   0x800'c730         4     0x18c  hsp_rtc.o [2]
  .text              ro code   0x800'c8bc         4      0x40  sprintf.o [8]
  .text              ro code   0x800'c8fc         4     0x44a  hsp_i2c.o [2]
  .text              ro code   0x800'cd46         2       0xa  xsprout.o [8]
  .text              ro code   0x800'cd50         4      0x34  HSP_CAT9555.o [7]
  .text              ro code   0x800'cd84         4     0x1e4  hsp_gpio.o [2]
  .text              ro code   0x800'cf68         4      0x6a  gd32f4xx_spi.o [4]
  .rodata            const     0x800'cfd2         2       0x2  xlocale_c.o [8]
  .text              ro code   0x800'cfd4         4     0x618  gd32f4xx_dma.o [4]
  .text              ro code   0x800'd5ec         4      0xa6  ABImemcpy.o [10]
  .rodata            const     0x800'd692                 0x1  xlocale_c.o [8]
  .text              ro code   0x800'd694         4     0xeca  xprintffull_nomb.o [8]
  .text              ro code   0x800'e560         4     0x294  gd32f4xx_i2c.o [4]
  .text              ro code   0x800'e7f4         4      0x16  strchr.o [10]
  .text              ro code   0x800'e80c         4      0x40  xfail_s.o [8]
  .text              ro code   0x800'e84c         4      0x36  strlen.o [10]
  .text              ro code   0x800'e884         4      0x58  memchr.o [10]
  .text              ro code   0x800'e8dc         4      0x70  frexp.o [9]
  .text              ro code   0x800'e94c         4      0x34  DblCmpLe.o [9]
  .text              ro code   0x800'e980         4      0x34  DblCmpGe.o [9]
  .text              ro code   0x800'e9b4         4     0x13a  ldexp.o [9]
  .text              ro code   0x800'eaf0         4      0x36  DblToS32.o [9]
  .text              ro code   0x800'eb28         4      0x22  S32ToDbl.o [9]
  .text              ro code   0x800'eb4c         4     0x25e  DblAddSub.o [9]
  .text              ro code   0x800'edac         4     0x246  DblDiv.o [9]
  .text              ro code   0x800'eff4         4      0x22  DblToU32.o [9]
  .text              ro code   0x800'f018         4      0x1c  U32ToDbl.o [9]
  .text              ro code   0x800'f034         4     0x1aa  DblMul.o [9]
  .text              ro code   0x800'f1e0         4       0x8  xlocale_c.o [8]
  .text              ro code   0x800'f1e8         4     0x230  I64DivMod.o [10]
  .text              ro code   0x800'f418         2       0x6  abort.o [8]
  .text              ro code   0x800'f420         4       0x2  I64DivZer.o [10]
  .text              ro code   0x800'f424         4      0x14  exit.o [11]
  .text              ro code   0x800'f438         4     0x96e  gd32f4xx_timer.o [4]
  .text              ro code   0x800'fda8         4     0x864  HSP_MT9V034.o [7]
  .text              ro code   0x801'060c         4     0x2a0  hsp_dci.o [2]
  .text              ro code   0x801'08ac         4      0x68  DblToFlt.o [9]
  .text              ro code   0x801'0914         4      0x4c  gd32f4xx_dci.o [4]
  .text              ro code   0x801'0960         4      0xe8  gd32f4xx_misc.o [4]
  .rodata            const     0x801'0a48         4     0x5f0  HSP_TFT18.o [7]
  .text              ro code   0x801'1038         4     0x4c0  HSP_MMA8451.o [7]
  .text              ro code   0x801'14f8         4      0x28  printf.o [8]
  .text              ro code   0x801'1520         4     0x390  hsp_timer.o [2]
  .text              ro code   0x801'18b0         4     0x378  Project1_LineFollower.o [1]
  .text              ro code   0x801'1c28         4     0x144  HSP_MOTOR.o [7]
  .text              ro code   0x801'1d6c         4     0x1a0  Ex7_dci.o [1]
  .text              ro code   0x801'1f0c         4     0x348  gd32f4xx_adc.o [4]
  .text              ro code   0x801'2254         4     0x2f4  Lab3_ccd.o [1]
  .text              ro code   0x801'2548         4     0x1ce  HSP_TSL1401.o [7]
  .text              ro code   0x801'2718         4     0x14c  hsp_adc.o [2]
  .text              ro code   0x801'2864         4     0x1f4  Ex2_I2c.o [1]
  .text              ro code   0x801'2a58         4     0x102  sqrt.o [9]
  .rodata            const     0x801'2b5c         4     0x198  HSP_TFT18.o [7]
  .text              ro code   0x801'2cf4         4     0x15c  system_gd32f4xx.o [3]
  .text              ro code   0x801'2e50         4      0xb8  xxwritebuffered.o [8]
  .text              ro code   0x801'2f08         4      0x3c  HSP_WRITE.o [7]
  .text              ro code   0x801'2f44         4      0x2e  gd32f4xx_usart.o [4]
  .text              ro code   0x801'2f74         4      0x84  main.o [5]
  .text              ro code   0x801'2ff8         4      0x2c  Ex3_tft18.o [1]
  .rodata            const     0x801'3024         4      0x80  00_MENU.o [1]
  .text              ro code   0x801'30a4         4      0x70  gd32f4xx_it.o [5]
  .text              ro code   0x801'3114         4      0x20  gd32f4xx_exti.o [4]
  .text              ro code   0x801'3134         4      0x44  putchar.o [8]
  .text              ro code   0x801'3178         4      0x40  xcloseall.o [8]
  .text              ro code   0x801'31b8         2      0x38  zero_init3.o [10]
  .text              ro code   0x801'31f0         4      0x2a  data_init.o [10]
  .text              ro code   0x801'321c         4      0x22  fpinit_M.o [9]
  .iar.init_table    const     0x801'3240         4      0x28  - Linker created -
  .rodata            const     0x801'3268         4      0x20  00_MENU.o [1]
  .rodata            const     0x801'3288         4      0x20  00_MENU.o [1]
  .text              ro code   0x801'32a8         4      0x1e  cmain.o [10]
  .text              ro code   0x801'32c6         2       0x4  low_level_init.o [8]
  .text              ro code   0x801'32ca         2       0x4  exit.o [8]
  .text              ro code   0x801'32d0         4       0xe  cexit.o [10]
  .text              ro code   0x801'32e0         4      0x1c  cstartup_M.o [10]
  .rodata            const     0x801'32fc         4      0x18  00_MENU.o [1]
  .rodata            const     0x801'3314         4      0x18  00_MENU.o [1]
  .rodata            const     0x801'332c         4      0x18  00_MENU.o [1]
  .rodata            const     0x801'3344         4      0x18  00_MENU.o [1]
  .rodata            const     0x801'335c         4      0x18  HSP_MMA8451.o [7]
  .rodata            const     0x801'3374         4      0x18  HSP_MT9V034.o [7]
  .rodata            const     0x801'338c         4      0x18  Lab3_ccd.o [1]
  .rodata            const     0x801'33a4         4      0x18  Lab3_ccd.o [1]
  .rodata            const     0x801'33bc         4      0x18  Lab3_ccd.o [1]
  .text              ro code   0x801'33d4         2      0x16  xprout.o [8]
  .rodata            const     0x801'33ec         4      0x14  HSP_MT9V034.o [7]
  .rodata            const     0x801'3400         4      0x10  gd32f4xx_rcu.o [4]
  .rodata            const     0x801'3410         4      0x10  HSP_MT9V034.o [7]
  .text              ro code   0x801'3420         4      0x10  startup_gd32f450_470.o [6]
  .rodata            const     0x801'3430         4       0xc  00_MENU.o [1]
  .rodata            const     0x801'343c         4       0xc  00_MENU.o [1]
  .rodata            const     0x801'3448         4       0xc  00_MENU.o [1]
  .rodata            const     0x801'3454         4       0xc  00_MENU.o [1]
  .rodata            const     0x801'3460         4       0xc  00_MENU.o [1]
  .rodata            const     0x801'346c         4       0xc  00_MENU.o [1]
  .rodata            const     0x801'3478         4       0xc  00_MENU.o [1]
  .rodata            const     0x801'3484         4       0x8  00_MENU.o [1]
  .rodata            const     0x801'348c         4       0x8  00_MENU.o [1]
  .rodata            const     0x801'3494         4       0x8  00_MENU.o [1]
  .rodata            const     0x801'349c         4       0x8  00_MENU.o [1]
  .rodata            const     0x801'34a4         4       0x8  00_MENU.o [1]
  .rodata            const     0x801'34ac         4       0x8  00_MENU.o [1]
  .rodata            const     0x801'34b4         4       0x8  gd32f4xx_rcu.o [4]
  .rodata            const     0x801'34bc         4       0x8  gd32f4xx_rcu.o [4]
  .rodata            const     0x801'34c4         4       0x8  HSP_MT9V034.o [7]
  .text              ro code   0x801'34cc         2       0x4  startup_gd32f450_470.o [6]
  .text              ro code   0x801'34d0         2       0x4  startup_gd32f450_470.o [6]
  .text              ro code   0x801'34d4         2       0x4  startup_gd32f450_470.o [6]
  .text              ro code   0x801'34d8         2       0x4  startup_gd32f450_470.o [6]
  .text              ro code   0x801'34dc         2       0x4  startup_gd32f450_470.o [6]
  .text              ro code   0x801'34e0         2       0x4  startup_gd32f450_470.o [6]
  .text              ro code   0x801'34e4         2       0x4  startup_gd32f450_470.o [6]
  .text              ro code   0x801'34e8         2       0x4  startup_gd32f450_470.o [6]
  .text              ro code   0x801'34ec         2       0x4  startup_gd32f450_470.o [6]
  .text              ro code   0x801'34f0         2       0x4  startup_gd32f450_470.o [6]
  .text              ro code   0x801'34f4         2       0x4  startup_gd32f450_470.o [6]
  .text              ro code   0x801'34f8         2       0x4  startup_gd32f450_470.o [6]
  .text              ro code   0x801'34fc         2       0x4  startup_gd32f450_470.o [6]
  .text              ro code   0x801'3500         2       0x4  startup_gd32f450_470.o [6]
  .text              ro code   0x801'3504         2       0x4  startup_gd32f450_470.o [6]
  .text              ro code   0x801'3508         2       0x4  startup_gd32f450_470.o [6]
  .text              ro code   0x801'350c         2       0x4  startup_gd32f450_470.o [6]
  .text              ro code   0x801'3510         2       0x4  startup_gd32f450_470.o [6]
  .text              ro code   0x801'3514         2       0x4  startup_gd32f450_470.o [6]
  .text              ro code   0x801'3518         2       0x4  startup_gd32f450_470.o [6]
  .text              ro code   0x801'351c         2       0x4  startup_gd32f450_470.o [6]
  .text              ro code   0x801'3520         2       0x4  startup_gd32f450_470.o [6]
  .text              ro code   0x801'3524         2       0x4  startup_gd32f450_470.o [6]
  .text              ro code   0x801'3528         2       0x4  startup_gd32f450_470.o [6]
  .text              ro code   0x801'352c         2       0x4  startup_gd32f450_470.o [6]
  .text              ro code   0x801'3530         2       0x4  startup_gd32f450_470.o [6]
  .text              ro code   0x801'3534         2       0x4  startup_gd32f450_470.o [6]
  .text              ro code   0x801'3538         2       0x4  startup_gd32f450_470.o [6]
  .text              ro code   0x801'353c         2       0x4  startup_gd32f450_470.o [6]
  .text              ro code   0x801'3540         2       0x4  startup_gd32f450_470.o [6]
  .text              ro code   0x801'3544         2       0x4  startup_gd32f450_470.o [6]
  .text              ro code   0x801'3548         2       0x4  startup_gd32f450_470.o [6]
  .text              ro code   0x801'354c         2       0x4  startup_gd32f450_470.o [6]
  .text              ro code   0x801'3550         2       0x4  startup_gd32f450_470.o [6]
  .text              ro code   0x801'3554         2       0x4  startup_gd32f450_470.o [6]
  .text              ro code   0x801'3558         2       0x4  startup_gd32f450_470.o [6]
  .text              ro code   0x801'355c         2       0x4  startup_gd32f450_470.o [6]
  .text              ro code   0x801'3560         2       0x4  startup_gd32f450_470.o [6]
  .text              ro code   0x801'3564         2       0x4  startup_gd32f450_470.o [6]
  .text              ro code   0x801'3568         2       0x4  startup_gd32f450_470.o [6]
  .text              ro code   0x801'356c         2       0x4  startup_gd32f450_470.o [6]
  .text              ro code   0x801'3570         2       0x4  startup_gd32f450_470.o [6]
  .text              ro code   0x801'3574         2       0x4  startup_gd32f450_470.o [6]
  .text              ro code   0x801'3578         2       0x4  startup_gd32f450_470.o [6]
  .text              ro code   0x801'357c         2       0x4  startup_gd32f450_470.o [6]
  .text              ro code   0x801'3580         2       0x4  startup_gd32f450_470.o [6]
  .text              ro code   0x801'3584         2       0x4  startup_gd32f450_470.o [6]
  .text              ro code   0x801'3588         2       0x4  startup_gd32f450_470.o [6]
  .text              ro code   0x801'358c         2       0x4  startup_gd32f450_470.o [6]
  .text              ro code   0x801'3590         2       0x4  startup_gd32f450_470.o [6]
  .text              ro code   0x801'3594         2       0x4  startup_gd32f450_470.o [6]
  .text              ro code   0x801'3598         2       0x4  startup_gd32f450_470.o [6]
  .text              ro code   0x801'359c         2       0x4  startup_gd32f450_470.o [6]
  .text              ro code   0x801'35a0         2       0x4  startup_gd32f450_470.o [6]
  .text              ro code   0x801'35a4         2       0x4  startup_gd32f450_470.o [6]
  .text              ro code   0x801'35a8         2       0x4  startup_gd32f450_470.o [6]
  .text              ro code   0x801'35ac         2       0x4  startup_gd32f450_470.o [6]
  .text              ro code   0x801'35b0         2       0x4  startup_gd32f450_470.o [6]
  .text              ro code   0x801'35b4         2       0x4  startup_gd32f450_470.o [6]
  .text              ro code   0x801'35b8         2       0x4  startup_gd32f450_470.o [6]
  .text              ro code   0x801'35bc         2       0x4  startup_gd32f450_470.o [6]
  .text              ro code   0x801'35c0         2       0x4  startup_gd32f450_470.o [6]
  .text              ro code   0x801'35c4         2       0x4  startup_gd32f450_470.o [6]
  .text              ro code   0x801'35c8         2       0x4  startup_gd32f450_470.o [6]
  .text              ro code   0x801'35cc         2       0x4  startup_gd32f450_470.o [6]
  .text              ro code   0x801'35d0         2       0x4  startup_gd32f450_470.o [6]
  .text              ro code   0x801'35d4         2       0x4  startup_gd32f450_470.o [6]
  .text              ro code   0x801'35d8         2       0x4  startup_gd32f450_470.o [6]
  .text              ro code   0x801'35dc         2       0x4  startup_gd32f450_470.o [6]
  .text              ro code   0x801'35e0         2       0x4  startup_gd32f450_470.o [6]
  .text              ro code   0x801'35e4         2       0x4  startup_gd32f450_470.o [6]
  .text              ro code   0x801'35e8         2       0x4  startup_gd32f450_470.o [6]
  .text              ro code   0x801'35ec         2       0x4  startup_gd32f450_470.o [6]
  .text              ro code   0x801'35f0         2       0x4  startup_gd32f450_470.o [6]
  .text              ro code   0x801'35f4         2       0x4  startup_gd32f450_470.o [6]
  .text              ro code   0x801'35f8         2       0x4  startup_gd32f450_470.o [6]
  .text              ro code   0x801'35fc         2       0x4  startup_gd32f450_470.o [6]
  .text              ro code   0x801'3600         2       0x4  startup_gd32f450_470.o [6]
  .text              ro code   0x801'3604         2       0x4  startup_gd32f450_470.o [6]
  .text              ro code   0x801'3608         2       0x4  startup_gd32f450_470.o [6]
  .text              ro code   0x801'360c         2       0x4  startup_gd32f450_470.o [6]
  .text              ro code   0x801'3610         2       0x4  startup_gd32f450_470.o [6]
  .text              ro code   0x801'3614         2       0x4  startup_gd32f450_470.o [6]
  .text              ro code   0x801'3618         2       0x4  startup_gd32f450_470.o [6]
  .text              ro code   0x801'361c         2       0x4  startup_gd32f450_470.o [6]
  .text              ro code   0x801'3620         2       0x4  startup_gd32f450_470.o [6]
  .text              ro code   0x801'3624         4       0x0  cstart_closeall.o [10]
  .rodata            const     0x801'3624                 0x0  zero_init3.o [10]
  .rodata            const     0x801'3624                 0x0  lz77_init_single.o [10]
  Initializer bytes  const     0x801'3624                0xeb  <for P2-1>
                             - 0x801'370f            0x1'3563

"P2", part 1 of 3:                                      0x1d4
  P2-1                        0x2000'0000               0x1d4  <Init block>
    .data            inited   0x2000'0000         4      0xa0  00_MENU.o [1]
    .data            inited   0x2000'00a0         4       0x4  system_gd32f4xx.o [3]
    .data            inited   0x2000'00a4         4      0x38  xlocale_c.o [8]
    .data            inited   0x2000'00dc         4      0x48  xfiles.o [8]
    .data            inited   0x2000'0124         4      0x48  xfiles.o [8]
    .data            inited   0x2000'016c         4      0x48  xfiles.o [8]
    .data            inited   0x2000'01b4         4      0x20  xfiles.o [8]
                            - 0x2000'01d4               0x1d4

"P2", part 2 of 3:                                     0xb734
  .bss               zero     0x2000'01d4         4    0x4600  Ex7_dci.o [1]
  .bss               zero     0x2000'47e0        32    0x3200  Ex7_dci.o [1]
  .bss               zero     0x2000'79e0         4    0x1d60  Ex7_dci.o [1]
  .bss               zero     0x2000'9740         4    0x1d60  Ex7_dci.o [1]
  .bss               zero     0x2000'b4a0         4     0x100  Lab3_ccd.o [1]
  .bss               zero     0x2000'b5a0         4     0x100  Lab3_ccd.o [1]
  .bss               zero     0x2000'b6a0         4      0xf8  Lab3_ccd.o [1]
  .bss               zero     0x2000'b798         4      0x54  xxwritebuffered.o [8]
  .bss               zero     0x2000'b7ec         4      0x50  xfiles.o [8]
  .bss               zero     0x2000'b83c         4      0x50  xfiles.o [8]
  .bss               zero     0x2000'b88c         4      0x14  00_MENU.o [1]
  .bss               zero     0x2000'b8a0         4      0x14  00_MENU.o [1]
  .bss               zero     0x2000'b8b4         4      0x10  00_MENU.o [1]
  .bss               zero     0x2000'b8c4         4       0x8  00_MENU.o [1]
  .bss               zero     0x2000'b8cc         4       0x4  Ex2_I2c.o [1]
  .bss               zero     0x2000'b8d0         4       0x4  hsp_rtc.o [2]
  .bss               zero     0x2000'b8d4         4       0x4  hsp_rtc.o [2]
  .bss               zero     0x2000'b8d8         4       0x4  main.o [5]
  .bss               zero     0x2000'b8dc         4       0x4  systick.o [5]
  .bss               zero     0x2000'b8e0         4       0x4  xfail_s.o [8]
  .bss               zero     0x2000'b8e4         2       0x2  00_MENU.o [1]
  .bss               zero     0x2000'b8e6         2       0x2  00_MENU.o [1]
  .bss               zero     0x2000'b8e8         2       0x2  Ex2_I2c.o [1]
  .bss               zero     0x2000'b8ea         2       0x2  Ex2_I2c.o [1]
  .bss               zero     0x2000'b8ec         2       0x2  Ex2_I2c.o [1]
  .bss               zero     0x2000'b8ee         2       0x2  Ex2_I2c.o [1]
  .bss               zero     0x2000'b8f0         2       0x2  Ex2_I2c.o [1]
  .bss               zero     0x2000'b8f2         2       0x2  Ex2_I2c.o [1]
  .bss               zero     0x2000'b8f4         2       0x2  hsp_timer.o [2]
  .bss               zero     0x2000'b8f6         2       0x2  Lab3_ccd.o [1]
  .bss               zero     0x2000'b8f8         2       0x2  Lab3_ccd.o [1]
  .bss               zero     0x2000'b8fa         2       0x2  Lab3_ccd.o [1]
  .bss               zero     0x2000'b8fc         2       0x2  Lab3_ccd.o [1]
  .bss               zero     0x2000'b8fe                 0x1  00_MENU.o [1]
  .bss               zero     0x2000'b8ff                 0x1  Ex7_dci.o [1]
  .bss               zero     0x2000'b900                 0x1  Ex7_dci.o [1]
  .bss               zero     0x2000'b901                 0x1  Lab3_ccd.o [1]
  .bss               zero     0x2000'b902                 0x1  Lab3_ccd.o [1]
  .bss               zero     0x2000'b903                 0x1  Lab3_ccd.o [1]
  .bss               zero     0x2000'b904                 0x1  Lab3_ccd.o [1]
  .bss               zero     0x2000'b905                 0x1  main.o [5]
  .bss               zero     0x2000'b906                 0x1  main.o [5]
                            - 0x2000'b907              0xb733

"P2", part 3 of 3:                                     0x2000
  CSTACK                      0x2000'b908         8    0x2000  <Block>
    CSTACK           uninit   0x2000'b908              0x2000  <Block tail>
                            - 0x2000'd908              0x2000

Absolute sections:                                     0x5820
  .bss               zero     0x2003'0000              0x5820  main.o [5]
                            - 0x2003'5820              0x5820

Unused ranges:

         From           To      Size
         ----           --      ----
   0x801'370f   0x80f'ffff  0xe'c8f1
  0x2000'd908  0x2002'ffff  0x2'26f8
  0x2003'5820  0x2006'ffff  0x3'a7e0


*******************************************************************************
*** INIT TABLE
***

          Address      Size
          -------      ----
Zero (__iar_zero_init3)
    2 destination ranges, total size 0x1'0f53:
          0x2000'01d4  0xb733
          0x2003'0000  0x5820

Copy/lz77 (__iar_lz77_init_single3)
    1 source range, total size 0xeb (50% of destination):
           0x801'3624    0xeb
    1 destination range, total size 0x1d4:
          0x2000'0000   0x1d4



*******************************************************************************
*** MODULE SUMMARY
***

    Module                   ro code  ro data  rw data  rw data
                                                         (abs)
    ------                   -------  -------  -------  -------
command line/config:
    -----------------------------------------------------------
    Total:

D:\Files\SJTU\second_second\engineering4-D\HSP_C6\HSP\Debug\Obj\App_2489385672134236918.dir: [1]
    00_MENU.o                  4'764      500      229
    Ex2_I2c.o                    500                16
    Ex3_tft18.o                   44   40'960
    Ex7_dci.o                    416            45'762
    Lab3_ccd.o                   756       72      772
    Project1_LineFollower.o      888
    -----------------------------------------------------------
    Total:                     7'368   41'532   46'779

D:\Files\SJTU\second_second\engineering4-D\HSP_C6\HSP\Debug\Obj\Board_7221520210927654578.dir: [2]
    hsp_adc.o                    332
    hsp_dci.o                    672
    hsp_gpio.o                   484
    hsp_i2c.o                  1'098
    hsp_rtc.o                    396                 8
    hsp_spi.o                    240
    hsp_timer.o                  912                 2
    -----------------------------------------------------------
    Total:                     4'134                10

D:\Files\SJTU\second_second\engineering4-D\HSP_C6\HSP\Debug\Obj\CMSIS_13545061835669826545.dir: [3]
    system_gd32f4xx.o            348        2        4
    -----------------------------------------------------------
    Total:                       348        2        4

D:\Files\SJTU\second_second\engineering4-D\HSP_C6\HSP\Debug\Obj\GD32F470_Peripherals_11143062579488607573.dir: [4]
    gd32f4xx_adc.o               840
    gd32f4xx_dci.o                76
    gd32f4xx_dma.o             1'560
    gd32f4xx_exti.o               32
    gd32f4xx_gpio.o              378
    gd32f4xx_i2c.o               660
    gd32f4xx_misc.o              232
    gd32f4xx_pmu.o                16
    gd32f4xx_rcu.o               988       32
    gd32f4xx_rtc.o               548
    gd32f4xx_spi.o               106
    gd32f4xx_timer.o           2'414
    gd32f4xx_usart.o              46
    -----------------------------------------------------------
    Total:                     7'896       32

D:\Files\SJTU\second_second\engineering4-D\HSP_C6\HSP\Debug\Obj\Main_13238667732884069010.dir: [5]
    gd32f4xx_it.o                112
    main.o                       132                 6   22'560
    systick.o                    184                 4
    -----------------------------------------------------------
    Total:                       428                10   22'560

D:\Files\SJTU\second_second\engineering4-D\HSP_C6\HSP\Debug\Obj\Startup_17868067532763321386.dir: [6]
    startup_gd32f450_470.o       788
    -----------------------------------------------------------
    Total:                       788

D:\Files\SJTU\second_second\engineering4-D\HSP_C6\HSP\Debug\Obj\Utilities_17002154029713865955.dir: [7]
    HSP_CAT9555.o                 52
    HSP_MMA8451.o              1'216       24
    HSP_MOTOR.o                  324
    HSP_MT9V034.o              2'148       68
    HSP_TFT18.o                2'360    1'928
    HSP_TSL1401.o                462
    HSP_WRITE.o                   60
    -----------------------------------------------------------
    Total:                     6'622    2'020

dl7M_tlf.a: [8]
    abort.o                        6
    exit.o                         4
    low_level_init.o               4
    printf.o                      40
    putchar.o                     68
    sprintf.o                     64
    xcloseall.o                   64
    xfail_s.o                     64                 4
    xfiles.o                              125      408
    xlocale_c.o                    8       31       56
    xprintffull_nomb.o         3'786
    xprout.o                      22
    xsprout.o                     10
    xxwritebuffered.o            184                84
    -----------------------------------------------------------
    Total:                     4'324      156      552

m7M_tls.a: [9]
    DblAddSub.o                  606
    DblCmpGe.o                    52
    DblCmpLe.o                    52
    DblDiv.o                     582
    DblMul.o                     426
    DblToFlt.o                   104
    DblToS32.o                    54
    DblToU32.o                    34
    S32ToDbl.o                    34
    U32ToDbl.o                    28
    fpinit_M.o                    34
    frexp.o                      112
    ldexp.o                      314
    sqrt.o                       258
    -----------------------------------------------------------
    Total:                     2'690

rt7M_tl.a: [10]
    ABImemcpy.o                  166
    I64DivMod.o                  560
    I64DivZer.o                    2
    cexit.o                       14
    cmain.o                       30
    cstart_closeall.o
    cstartup_M.o                  28
    data_init.o                   42
    lz77_init_single.o           126
    memchr.o                      88
    strchr.o                      22
    strlen.o                      54
    zero_init3.o                  56
    -----------------------------------------------------------
    Total:                     1'188

shb_l.a: [11]
    exit.o                        20
    -----------------------------------------------------------
    Total:                        20

    Gaps                          37        6       12
    Linker created                         40    8'192
---------------------------------------------------------------
    Grand Total:              35'843   43'788   55'559   22'560


*******************************************************************************
*** ENTRY LIST
***

Entry                       Address    Size  Type      Object
-----                       -------    ----  ----      ------
.iar.init_table$$Base    0x801'3240           --   Gb  - Linker created -
.iar.init_table$$Limit   0x801'3268           --   Gb  - Linker created -
?main                    0x801'32a9          Code  ??  cmain.o [10]
ADC_IRQHandler           0x801'3515          Code  Wk  startup_gd32f450_470.o [6]
Arrow16x16               0x801'3024    0x80  Data  ??  00_MENU.o [1]
BCD2BIN                  0x800'acb5    0x18  Code  ??  00_MENU.o [1]
BIN2BCD                  0x800'accd    0x20  Code  ??  00_MENU.o [1]
BusFault_Handler         0x801'30ab     0x2  Code  ??  gd32f4xx_it.o [5]
CAN0_EWMC_IRQHandler     0x801'3525          Code  Wk  startup_gd32f450_470.o [6]
CAN0_RX0_IRQHandler      0x801'351d          Code  Wk  startup_gd32f450_470.o [6]
CAN0_RX1_IRQHandler      0x801'3521          Code  Wk  startup_gd32f450_470.o [6]
CAN0_TX_IRQHandler       0x801'3519          Code  Wk  startup_gd32f450_470.o [6]
CAN1_EWMC_IRQHandler     0x801'35cd          Code  Wk  startup_gd32f450_470.o [6]
CAN1_RX0_IRQHandler      0x801'35c5          Code  Wk  startup_gd32f450_470.o [6]
CAN1_RX1_IRQHandler      0x801'35c9          Code  Wk  startup_gd32f450_470.o [6]
CAN1_TX_IRQHandler       0x801'35c1          Code  Wk  startup_gd32f450_470.o [6]
CSTACK$$Base            0x2000'b908           --   Gb  - Linker created -
CSTACK$$Limit           0x2000'd908           --   ??  - Linker created -
DCI_IRQHandler           0x801'35f9          Code  Wk  startup_gd32f450_470.o [6]
DMA0_Channel0_IRQHandler
                         0x801'34f9          Code  Wk  startup_gd32f450_470.o [6]
DMA0_Channel1_IRQHandler
                         0x801'34fd          Code  Wk  startup_gd32f450_470.o [6]
DMA0_Channel2_IRQHandler
                         0x801'3501          Code  Wk  startup_gd32f450_470.o [6]
DMA0_Channel3_IRQHandler
                         0x801'3505          Code  Wk  startup_gd32f450_470.o [6]
DMA0_Channel4_IRQHandler
                         0x801'3509          Code  Wk  startup_gd32f450_470.o [6]
DMA0_Channel5_IRQHandler
                         0x801'350d          Code  Wk  startup_gd32f450_470.o [6]
DMA0_Channel6_IRQHandler
                         0x801'3511          Code  Wk  startup_gd32f450_470.o [6]
DMA0_Channel7_IRQHandler
                         0x801'3585          Code  Wk  startup_gd32f450_470.o [6]
DMA1_Channel0_IRQHandler
                         0x801'35a5          Code  Wk  startup_gd32f450_470.o [6]
DMA1_Channel1_IRQHandler
                         0x801'35a9          Code  Wk  startup_gd32f450_470.o [6]
DMA1_Channel2_IRQHandler
                         0x801'35ad          Code  Wk  startup_gd32f450_470.o [6]
DMA1_Channel3_IRQHandler
                         0x801'35b1          Code  Wk  startup_gd32f450_470.o [6]
DMA1_Channel4_IRQHandler
                         0x801'35b5          Code  Wk  startup_gd32f450_470.o [6]
DMA1_Channel5_IRQHandler
                         0x801'35d5          Code  Wk  startup_gd32f450_470.o [6]
DMA1_Channel6_IRQHandler
                         0x801'35d9          Code  Wk  startup_gd32f450_470.o [6]
DMA1_Channel7_IRQHandler
                         0x801'0793    0xf2  Code  ??  hsp_dci.o [2]
DebugMon_Handler         0x801'30b1     0x2  Code  ??  gd32f4xx_it.o [5]
DrawRtcDemoScreen        0x800'ab37   0x17e  Code  ??  00_MENU.o [1]
ENET_IRQHandler          0x801'35b9          Code  Wk  startup_gd32f450_470.o [6]
ENET_WKUP_IRQHandler     0x801'35bd          Code  Wk  startup_gd32f450_470.o [6]
EXMC_IRQHandler          0x801'3589          Code  Wk  startup_gd32f450_470.o [6]
EXTI0_IRQHandler         0x801'34e5          Code  Wk  startup_gd32f450_470.o [6]
EXTI10_15_IRQHandler     0x801'30c5    0x44  Code  ??  gd32f4xx_it.o [5]
EXTI1_IRQHandler         0x801'34e9          Code  Wk  startup_gd32f450_470.o [6]
EXTI2_IRQHandler         0x801'34ed          Code  Wk  startup_gd32f450_470.o [6]
EXTI3_IRQHandler         0x801'34f1          Code  Wk  startup_gd32f450_470.o [6]
EXTI4_IRQHandler         0x801'34f5          Code  Wk  startup_gd32f450_470.o [6]
EXTI5_9_IRQHandler       0x801'3529          Code  Wk  startup_gd32f450_470.o [6]
Ex2_4_mems               0x801'2865   0x1d4  Code  ??  Ex2_I2c.o [1]
Ex3_3_bitmap             0x801'2ff9    0x24  Code  ??  Ex3_tft18.o [1]
FMC_IRQHandler           0x801'34dd          Code  Wk  startup_gd32f450_470.o [6]
FPU_IRQHandler           0x801'3601          Code  Wk  startup_gd32f450_470.o [6]
Font16x17                0x801'2b5c   0x198  Data  ??  HSP_TFT18.o [7]
HardFault_Handler        0x801'30a7     0x2  Code  ??  gd32f4xx_it.o [5]
I2C0_ER_IRQHandler       0x801'354d          Code  Wk  startup_gd32f450_470.o [6]
I2C0_EV_IRQHandler       0x801'3549          Code  Wk  startup_gd32f450_470.o [6]
I2C1_ER_IRQHandler       0x801'3555          Code  Wk  startup_gd32f450_470.o [6]
I2C1_EV_IRQHandler       0x801'3551          Code  Wk  startup_gd32f450_470.o [6]
I2C2_ER_IRQHandler       0x801'35e5          Code  Wk  startup_gd32f450_470.o [6]
I2C2_EV_IRQHandler       0x801'35e1          Code  Wk  startup_gd32f450_470.o [6]
IPA_IRQHandler           0x801'3621          Code  Wk  startup_gd32f450_470.o [6]
LVD_IRQHandler           0x801'34d1          Code  Wk  startup_gd32f450_470.o [6]
Lab3_test                0x801'2255   0x1ee  Code  ??  Lab3_ccd.o [1]
LcdLineStr              0x2000'b8a0    0x14  Data  ??  00_MENU.o [1]
McuInfo                 0x2000'b8b4    0x10  Data  ??  00_MENU.o [1]
MemManage_Handler        0x801'30a9     0x2  Code  ??  gd32f4xx_it.o [5]
MenuCursor16x16          0x801'3288    0x20  Data  ??  00_MENU.o [1]
NMI_Handler              0x801'30a5     0x2  Code  ??  gd32f4xx_it.o [5]
NVIC_SetPriority         0x800'c069    0x2c  Code  Lc  systick.o [5]
PendSV_Handler           0x801'30b3     0x2  Code  ??  gd32f4xx_it.o [5]
Project_LFR              0x801'18b1   0x262  Code  ??  Project1_LineFollower.o [1]
QESVar                  0x2000'b8e4     0x2  Data  ??  00_MENU.o [1]
RCU_CTC_IRQHandler       0x801'34e1          Code  Wk  startup_gd32f450_470.o [6]
RES_value               0x2000'b905     0x1  Data  ??  main.o [5]
RTC_Alarm_IRQHandler     0x801'356d          Code  Wk  startup_gd32f450_470.o [6]
RTC_WKUP_IRQHandler      0x801'34d9          Code  Wk  startup_gd32f450_470.o [6]
Region$$Table$$Base      0x801'3240           --   ??  - Linker created -
Region$$Table$$Limit     0x801'3268           --   ??  - Linker created -
Reset_Handler            0x801'3421          Code  Wk  startup_gd32f450_470.o [6]
SDIO_IRQHandler          0x801'358d          Code  Wk  startup_gd32f450_470.o [6]
SPI0_IRQHandler          0x801'3559          Code  Wk  startup_gd32f450_470.o [6]
SPI1_IRQHandler          0x801'355d          Code  Wk  startup_gd32f450_470.o [6]
SPI2_IRQHandler          0x801'3595          Code  Wk  startup_gd32f450_470.o [6]
SPI3_IRQHandler          0x801'360d          Code  Wk  startup_gd32f450_470.o [6]
SPI4_IRQHandler          0x801'3611          Code  Wk  startup_gd32f450_470.o [6]
SPI5_IRQHandler          0x801'3615          Code  Wk  startup_gd32f450_470.o [6]
SVC_Handler              0x801'30af     0x2  Code  ??  gd32f4xx_it.o [5]
Scroll                  0x2000'b8fe     0x1  Data  ??  00_MENU.o [1]
ShowArrow16x16           0x800'aced    0xd6  Code  ??  00_MENU.o [1]
SysTick_Config           0x800'c095    0x30  Code  Lc  systick.o [5]
SysTick_Handler          0x801'30b5    0x10  Code  ??  gd32f4xx_it.o [5]
SystemCoreClock         0x2000'00a0     0x4  Data  ??  system_gd32f4xx.o [3]
SystemInit               0x801'2cf5    0x82  Code  ??  system_gd32f4xx.o [3]
TAMPER_STAMP_IRQHandler
                         0x801'34d5          Code  Wk  startup_gd32f450_470.o [6]
TIMER0_BRK_TIMER8_IRQHandler
                         0x801'352d          Code  Wk  startup_gd32f450_470.o [6]
TIMER0_Channel_IRQHandler
                         0x801'3539          Code  Wk  startup_gd32f450_470.o [6]
TIMER0_TRG_CMT_TIMER10_IRQHandler
                         0x801'3535          Code  Wk  startup_gd32f450_470.o [6]
TIMER0_UP_TIMER9_IRQHandler
                         0x801'3531          Code  Wk  startup_gd32f450_470.o [6]
TIMER1_IRQHandler        0x801'353d          Code  Wk  startup_gd32f450_470.o [6]
TIMER2_IRQHandler        0x801'3541          Code  Wk  startup_gd32f450_470.o [6]
TIMER3_IRQHandler        0x801'3545          Code  Wk  startup_gd32f450_470.o [6]
TIMER4_IRQHandler        0x801'3591          Code  Wk  startup_gd32f450_470.o [6]
TIMER5_DAC_IRQHandler    0x801'35a1          Code  Wk  startup_gd32f450_470.o [6]
TIMER6_IRQHandler        0x801'17db    0x34  Code  ??  hsp_timer.o [2]
TIMER7_BRK_TIMER11_IRQHandler
                         0x801'3575          Code  Wk  startup_gd32f450_470.o [6]
TIMER7_Channel_IRQHandler
                         0x801'3581          Code  Wk  startup_gd32f450_470.o [6]
TIMER7_TRG_CMT_TIMER13_IRQHandler
                         0x801'357d          Code  Wk  startup_gd32f450_470.o [6]
TIMER7_UP_TIMER12_IRQHandler
                         0x801'3579          Code  Wk  startup_gd32f450_470.o [6]
TLI_ER_IRQHandler        0x801'361d          Code  Wk  startup_gd32f450_470.o [6]
TLI_IRQHandler           0x801'3619          Code  Wk  startup_gd32f450_470.o [6]
TRNG_IRQHandler          0x801'35fd          Code  Wk  startup_gd32f450_470.o [6]
UART3_IRQHandler         0x801'3599          Code  Wk  startup_gd32f450_470.o [6]
UART4_IRQHandler         0x801'359d          Code  Wk  startup_gd32f450_470.o [6]
UART6_IRQHandler         0x801'3605          Code  Wk  startup_gd32f450_470.o [6]
UART7_IRQHandler         0x801'3609          Code  Wk  startup_gd32f450_470.o [6]
USART0_IRQHandler        0x801'3561          Code  Wk  startup_gd32f450_470.o [6]
USART1_IRQHandler        0x801'3565          Code  Wk  startup_gd32f450_470.o [6]
USART2_IRQHandler        0x801'3569          Code  Wk  startup_gd32f450_470.o [6]
USART5_IRQHandler        0x801'35dd          Code  Wk  startup_gd32f450_470.o [6]
USBFS_IRQHandler         0x801'35d1          Code  Wk  startup_gd32f450_470.o [6]
USBFS_WKUP_IRQHandler    0x801'3571          Code  Wk  startup_gd32f450_470.o [6]
USBHS_EP1_In_IRQHandler
                         0x801'35ed          Code  Wk  startup_gd32f450_470.o [6]
USBHS_EP1_Out_IRQHandler
                         0x801'35e9          Code  Wk  startup_gd32f450_470.o [6]
USBHS_IRQHandler         0x801'35f5          Code  Wk  startup_gd32f450_470.o [6]
USBHS_WKUP_IRQHandler    0x801'35f1          Code  Wk  startup_gd32f450_470.o [6]
UpdateArrowPos           0x800'add1    0x7a  Code  ??  00_MENU.o [1]
UpdateSetValue           0x800'ae4b    0x78  Code  ??  00_MENU.o [1]
UsageFault_Handler       0x801'30ad     0x2  Code  ??  gd32f4xx_it.o [5]
WWDGT_IRQHandler         0x801'34cd          Code  Wk  startup_gd32f450_470.o [6]
_Close_all               0x801'3179    0x40  Code  ??  xcloseall.o [8]
_Files                  0x2000'01b4    0x20  Data  ??  xfiles.o [8]
_LC                      0x800'd695     0x6  Code  Lc  xprintffull_nomb.o [8]
_LitobFullNoMb           0x800'e381   0x10c  Code  Lc  xprintffull_nomb.o [8]
_Locale_lconv           0x2000'00a4    0x38  Data  Lc  xlocale_c.o [8]
_PrintfFullNoMb          0x800'd69b   0xcb6  Code  ??  xprintffull_nomb.o [8]
_Prout                   0x801'33d5    0x16  Code  ??  xprout.o [8]
_PutcharsFullNoMb        0x800'e4e9    0x2e  Code  Lc  xprintffull_nomb.o [8]
_SProut                  0x800'cd47     0xa  Code  ??  xsprout.o [8]
__aeabi_cdcmple          0x800'e94d          Code  ??  DblCmpLe.o [9]
__aeabi_cdrcmple         0x800'e981          Code  ??  DblCmpGe.o [9]
__aeabi_d2f              0x801'08ad          Code  ??  DblToFlt.o [9]
__aeabi_d2iz             0x800'eaf1          Code  ??  DblToS32.o [9]
__aeabi_d2uiz            0x800'eff5          Code  ??  DblToU32.o [9]
__aeabi_dadd             0x800'eb4d          Code  ??  DblAddSub.o [9]
__aeabi_ddiv             0x800'edad          Code  ??  DblDiv.o [9]
__aeabi_dmul             0x800'f035          Code  ??  DblMul.o [9]
__aeabi_dsub             0x800'ecc9          Code  ??  DblAddSub.o [9]
__aeabi_i2d              0x800'eb29          Code  ??  S32ToDbl.o [9]
__aeabi_ldiv0            0x800'f421          Code  ??  I64DivZer.o [10]
__aeabi_memcpy           0x800'd5ed          Code  ??  ABImemcpy.o [10]
__aeabi_memcpy4          0x800'd60d          Code  ??  ABImemcpy.o [10]
__aeabi_memcpy8          0x800'd60d          Code  ??  ABImemcpy.o [10]
__aeabi_ui2d             0x800'f019          Code  ??  U32ToDbl.o [9]
__aeabi_uldivmod         0x800'f1e9          Code  ??  I64DivMod.o [10]
__cexit_closeall         0x801'32d3          Code  ??  cexit.o [10]
__cmain                  0x801'32a9          Code  ??  cmain.o [10]
__cstart_closeall        0x801'3624          Data  ??  cstart_closeall.o [10]
__dwrite                 0x801'2f09    0x3c  Code  ??  HSP_WRITE.o [7]
__exit                   0x800'f425    0x14  Code  ??  exit.o [11]
__iar_Fail_s             0x800'e80d    0x1c  Code  ??  xfail_s.o [8]
__iar_Memchr             0x800'e885          Code  ??  memchr.o [10]
__iar_Stderr            0x2000'016c    0x48  Data  ??  xfiles.o [8]
__iar_Stdin             0x2000'00dc    0x48  Data  ??  xfiles.o [8]
__iar_Stdout            0x2000'0124    0x48  Data  ??  xfiles.o [8]
__iar_Strchr             0x800'e7f5          Code  ??  strchr.o [10]
__iar_data_init3         0x801'31f1    0x18  Code  ??  data_init.o [10]
__iar_frexp              0x800'e8e9          Code  ??  frexp.o [9]
__iar_frexpl             0x800'e8e9          Code  ??  frexp.o [9]
__iar_init_vfp           0x801'321d          Code  ??  fpinit_M.o [9]
__iar_ldexp64            0x800'e9b5          Code  ??  ldexp.o [9]
__iar_lz77_init_single3
                         0x800'bfeb    0x7e  Code  ??  lz77_init_single.o [10]
__iar_program_start      0x801'32e1          Code  ??  cstartup_M.o [10]
__iar_scalbln64          0x800'e9b5          Code  ??  ldexp.o [9]
__iar_scalbn64           0x800'e9b5          Code  ??  ldexp.o [9]
__iar_softfp___iar_frexp64
                         0x800'e8dd          Code  ??  frexp.o [9]
__iar_softfp_frexp       0x800'e8dd          Code  ??  frexp.o [9]
__iar_softfp_frexpl      0x800'e8dd          Code  ??  frexp.o [9]
__iar_sqrt64             0x801'2a69          Code  ??  sqrt.o [9]
__iar_vfp___iar_sqrt64   0x801'2a59          Code  ??  sqrt.o [9]
__iar_vfp_sqrt           0x801'2a59          Code  ??  sqrt.o [9]
__iar_vfp_sqrtl          0x801'2a59          Code  ??  sqrt.o [9]
__iar_zero_init3         0x801'31b9    0x38  Code  ??  zero_init3.o [10]
__low_level_init         0x801'32c7     0x4  Code  ??  low_level_init.o [8]
__vector_table           0x800'0000          Data  ??  startup_gd32f450_470.o [6]
__write_buffered         0x801'2e51    0xb8  Code  ??  xxwritebuffered.o [8]
_call_main               0x801'32b5          Code  ??  cmain.o [10]
_exit                    0x801'32d1          Code  ??  cexit.o [10]
abort                    0x800'f419     0x6  Code  ??  abort.o [8]
acc_total               0x2000'b8cc     0x4  Data  ??  Ex2_I2c.o [1]
acc_x                   0x2000'b8e8     0x2  Data  ??  Ex2_I2c.o [1]
acc_x_t                 0x2000'b8ee     0x2  Data  ??  Ex2_I2c.o [1]
acc_y                   0x2000'b8ea     0x2  Data  ??  Ex2_I2c.o [1]
acc_y_t                 0x2000'b8f0     0x2  Data  ??  Ex2_I2c.o [1]
acc_z                   0x2000'b8ec     0x2  Data  ??  Ex2_I2c.o [1]
acc_z_t                 0x2000'b8f2     0x2  Data  ??  Ex2_I2c.o [1]
adc_calibration_enable   0x801'1fdd    0x36  Code  ??  gd32f4xx_adc.o [4]
adc_channel_length_config
                         0x801'2013    0x74  Code  ??  gd32f4xx_adc.o [4]
adc_clock_config         0x801'1f0d    0x14  Code  ??  gd32f4xx_adc.o [4]
adc_data_alignment_config
                         0x801'1f99    0x28  Code  ??  gd32f4xx_adc.o [4]
adc_enable               0x801'1fc1    0x1c  Code  ??  gd32f4xx_adc.o [4]
adc_external_trigger_config
                         0x801'2177    0x58  Code  ??  gd32f4xx_adc.o [4]
adc_flag_get             0x801'223f    0x12  Code  ??  gd32f4xx_adc.o [4]
adc_inserted_channel_config
                         0x801'2087    0xf0  Code  ??  gd32f4xx_adc.o [4]
adc_inserted_data_read   0x801'2203    0x3c  Code  ??  gd32f4xx_adc.o [4]
adc_software_trigger_enable
                         0x801'21cf    0x34  Code  ??  gd32f4xx_adc.o [4]
adc_special_function_config
                         0x801'1f21    0x78  Code  ??  gd32f4xx_adc.o [4]
bin2bcd                  0x800'c89d    0x20  Code  ??  hsp_rtc.o [2]
board_init               0x801'2f75    0x18  Code  ??  main.o [5]
ccd_data_old            0x2000'b5a0   0x100  Data  ??  Lab3_ccd.o [1]
ccd_data_raw            0x2000'b4a0   0x100  Data  ??  Lab3_ccd.o [1]
datetime1               0x2000'b8c4     0x8  Data  ??  00_MENU.o [1]
dci_capture_enable       0x801'094d     0xc  Code  ??  gd32f4xx_dci.o [4]
dci_enable               0x801'0941     0xc  Code  ??  gd32f4xx_dci.o [4]
dci_init                 0x801'0915    0x2c  Code  ??  gd32f4xx_dci.o [4]
delay                   0x2000'b8dc     0x4  Data  Lc  systick.o [5]
delay_1ms                0x800'c0e9     0xc  Code  ??  systick.o [5]
delay_decrement          0x800'c0f5    0x10  Code  ??  systick.o [5]
delta_v                 0x2000'b6a0    0xf8  Data  ??  Lab3_ccd.o [1]
dma_channel_disable      0x800'd251    0x24  Code  ??  gd32f4xx_dma.o [4]
dma_channel_enable       0x800'd22d    0x24  Code  ??  gd32f4xx_dma.o [4]
dma_channel_subperipheral_select
                         0x800'd275    0x2c  Code  ??  gd32f4xx_dma.o [4]
dma_circulation_disable
                         0x800'd209    0x24  Code  ??  gd32f4xx_dma.o [4]
dma_deinit               0x800'cfd5    0xd0  Code  ??  gd32f4xx_dma.o [4]
dma_interrupt_enable     0x800'd2a1    0x44  Code  ??  gd32f4xx_dma.o [4]
dma_interrupt_flag_clear
                         0x800'd58f    0x5e  Code  ??  gd32f4xx_dma.o [4]
dma_interrupt_flag_get   0x800'd2e5   0x2aa  Code  ??  gd32f4xx_dma.o [4]
dma_single_data_mode_init
                         0x800'd0a5   0x160  Code  ??  gd32f4xx_dma.o [4]
ebuf                    0x2000'b7ec    0x50  Data  Lc  xfiles.o [8]
exit                     0x801'32cb     0x4  Code  ??  exit.o [8]
exti_interrupt_flag_clear
                         0x801'3127     0x6  Code  ??  gd32f4xx_exti.o [4]
exti_interrupt_flag_get
                         0x801'3115    0x12  Code  ??  gd32f4xx_exti.o [4]
gImage_Huashanpi         0x800'01ac  0xa000  Data  ??  Ex3_tft18.o [1]
gpio_af_set              0x800'bf61    0x82  Code  ??  gd32f4xx_gpio.o [4]
gpio_bit_reset           0x800'bf45     0x8  Code  ??  gd32f4xx_gpio.o [4]
gpio_bit_set             0x800'bf3d     0x8  Code  ??  gd32f4xx_gpio.o [4]
gpio_bit_toggle          0x800'bfe3     0x8  Code  ??  gd32f4xx_gpio.o [4]
gpio_input_bit_get       0x800'bf4d    0x14  Code  ??  gd32f4xx_gpio.o [4]
gpio_mode_set            0x800'be71    0x6c  Code  ??  gd32f4xx_gpio.o [4]
gpio_output_options_set
                         0x800'bedd    0x60  Code  ??  gd32f4xx_gpio.o [4]
hsp_adc1_config          0x801'277d    0x6a  Code  ??  hsp_adc.o [2]
hsp_adc2_config          0x801'27e7    0x6a  Code  ??  hsp_adc.o [2]
hsp_adc_init             0x801'2719    0x64  Code  ??  hsp_adc.o [2]
hsp_cat9555_init         0x800'cd51    0x34  Code  ??  HSP_CAT9555.o [7]
hsp_ccd_delay            0x801'2709     0xe  Code  ??  HSP_TSL1401.o [7]
hsp_ccd_flush            0x801'2559    0xa6  Code  ??  HSP_TSL1401.o [7]
hsp_ccd_init             0x801'2549    0x10  Code  ??  HSP_TSL1401.o [7]
hsp_ccd_show             0x801'2443    0x6a  Code  ??  Lab3_ccd.o [1]
hsp_ccd_snapshot         0x801'25ff    0xf6  Code  ??  HSP_TSL1401.o [7]
hsp_counter_init         0x801'180f    0x7e  Code  ??  hsp_timer.o [2]
hsp_dci_dma_config       0x801'071f    0x74  Code  ??  hsp_dci.o [2]
hsp_dci_init             0x801'060d   0x112  Code  ??  hsp_dci.o [2]
hsp_demo_frame_ccd       0x801'24ad    0x5a  Code  ??  Lab3_ccd.o [1]
hsp_demo_frame_sysinfo   0x800'b1f5   0x1ae  Code  ??  00_MENU.o [1]
hsp_demo_hmi             0x800'aee9   0x300  Code  ??  00_MENU.o [1]
hsp_get_taskid           0x800'cf09    0x46  Code  ??  hsp_gpio.o [2]
hsp_gpio_init            0x800'cd85   0x184  Code  ??  hsp_gpio.o [2]
hsp_i2c_init             0x800'c8fd    0x6c  Code  ??  hsp_i2c.o [2]
hsp_i2c_mma8451_init     0x801'106d    0x72  Code  ??  HSP_MMA8451.o [7]
hsp_i2c_write_2byte      0x800'c969    0xb2  Code  ??  hsp_i2c.o [2]
hsp_image2_binary_minmax
                         0x801'1e35    0xb8  Code  ??  Ex7_dci.o [1]
hsp_image2_show_dma      0x801'1d6d    0xc8  Code  ??  Ex7_dci.o [1]
hsp_image_judge          0x801'1b31    0xf8  Code  ??  Project1_LineFollower.o [1]
hsp_menu_loop            0x800'a1ad   0x2d8  Code  ??  00_MENU.o [1]
hsp_mma8451_config       0x801'1039    0x34  Code  ??  HSP_MMA8451.o [7]
hsp_mma8451_read_byte    0x801'10df   0x158  Code  ??  HSP_MMA8451.o [7]
hsp_mma8451_read_nbyte   0x801'1237   0x1b2  Code  ??  HSP_MMA8451.o [7]
hsp_mma8451_write_byte   0x801'13e9    0xfc  Code  ??  HSP_MMA8451.o [7]
hsp_motor_voltage        0x801'1d0f    0x58  Code  ??  HSP_MOTOR.o [7]
hsp_mt9v034_config       0x800'feb5    0x84  Code  ??  HSP_MT9V034.o [7]
hsp_mt9v034_init         0x800'fda9   0x100  Code  ??  HSP_MT9V034.o [7]
hsp_mt9v034_set_default
                         0x800'ff39   0x45a  Code  ??  HSP_MT9V034.o [7]
hsp_mt9v034_set_exposure
                         0x801'059d    0x70  Code  ??  HSP_MT9V034.o [7]
hsp_mt9v034_set_fps      0x801'0425   0x11c  Code  ??  HSP_MT9V034.o [7]
hsp_mt9v034_set_resolution
                         0x801'0393    0x90  Code  ??  HSP_MT9V034.o [7]
hsp_pwm_init             0x801'1521   0x2ba  Code  ??  hsp_timer.o [2]
hsp_rtc_config           0x800'c731    0x34  Code  ??  hsp_rtc.o [2]
hsp_rtc_demo             0x800'a53b   0x5fc  Code  ??  00_MENU.o [1]
hsp_rtc_setup            0x800'c765    0xac  Code  ??  hsp_rtc.o [2]
hsp_sccb_init            0x800'ca1b    0x6c  Code  ??  hsp_i2c.o [2]
hsp_sccb_read_2byte      0x800'cd15    0x32  Code  ??  hsp_i2c.o [2]
hsp_sccb_read_byte       0x800'cb9f   0x15a  Code  ??  hsp_i2c.o [2]
hsp_sccb_write_2byte     0x800'cb77    0x28  Code  ??  hsp_i2c.o [2]
hsp_sccb_write_byte      0x800'ca87    0xf0  Code  ??  hsp_i2c.o [2]
hsp_servo_angle          0x801'1c29    0xe6  Code  ??  HSP_MOTOR.o [7]
hsp_spi_dma_config       0x800'b4c7    0x62  Code  ??  hsp_spi.o [2]
hsp_spi_init             0x800'b449    0x7e  Code  ??  hsp_spi.o [2]
hsp_spi_write_byte       0x800'b639    0x22  Code  Lc  HSP_TFT18.o [7]
hsp_sysinfo              0x800'b3a3    0x34  Code  ??  00_MENU.o [1]
hsp_tft18_clear          0x800'b6ed    0x38  Code  ??  HSP_TFT18.o [7]
hsp_tft18_draw_block     0x800'bd83    0x88  Code  ??  HSP_TFT18.o [7]
hsp_tft18_draw_frame     0x800'bcd7    0xac  Code  ??  HSP_TFT18.o [7]
hsp_tft18_draw_image     0x800'be15    0x52  Code  ??  HSP_TFT18.o [7]
hsp_tft18_draw_line_h    0x800'bc2b    0x56  Code  ??  HSP_TFT18.o [7]
hsp_tft18_draw_line_v    0x800'bc81    0x56  Code  ??  HSP_TFT18.o [7]
hsp_tft18_draw_pixel     0x800'b741    0x26  Code  ??  HSP_TFT18.o [7]
hsp_tft18_init           0x800'b539   0x100  Code  ??  HSP_TFT18.o [7]
hsp_tft18_set_region     0x800'b6af    0x3e  Code  ??  HSP_TFT18.o [7]
hsp_tft18_set_xy         0x800'b725    0x1c  Code  ??  HSP_TFT18.o [7]
hsp_tft18_show_char      0x800'b767    0x80  Code  ??  HSP_TFT18.o [7]
hsp_tft18_show_char16    0x800'b8f1    0xc4  Code  ??  HSP_TFT18.o [7]
hsp_tft18_show_char_color
                         0x800'b7e7    0x8a  Code  ??  HSP_TFT18.o [7]
hsp_tft18_show_int16     0x800'ba61    0xdc  Code  ??  HSP_TFT18.o [7]
hsp_tft18_show_int16_color
                         0x800'bb3d    0xee  Code  ??  HSP_TFT18.o [7]
hsp_tft18_show_int8      0x800'b9b9    0xa8  Code  ??  HSP_TFT18.o [7]
hsp_tft18_show_str       0x800'b871    0x36  Code  ??  HSP_TFT18.o [7]
hsp_tft18_show_str_color
                         0x800'b8a7    0x4a  Code  ??  HSP_TFT18.o [7]
hsp_tft18_write_2byte    0x800'b68b    0x24  Code  ??  HSP_TFT18.o [7]
hsp_tft18_write_byte     0x800'b673    0x18  Code  ??  HSP_TFT18.o [7]
hsp_tft18_write_cmd      0x800'b65b    0x18  Code  ??  HSP_TFT18.o [7]
i2c_ack_config           0x800'e70f     0xe  Code  ??  gd32f4xx_i2c.o [4]
i2c_analog_noise_filter_enable
                         0x800'e767    0x12  Code  ??  gd32f4xx_i2c.o [4]
i2c_clock_config         0x800'e5b9   0x136  Code  ??  gd32f4xx_i2c.o [4]
i2c_data_receive         0x800'e75f     0x8  Code  ??  gd32f4xx_i2c.o [4]
i2c_data_transmit        0x800'e753     0xc  Code  ??  gd32f4xx_i2c.o [4]
i2c_deinit               0x800'e561    0x58  Code  ??  gd32f4xx_i2c.o [4]
i2c_enable               0x800'e735     0xa  Code  ??  gd32f4xx_i2c.o [4]
i2c_flag_clear           0x800'e799    0x42  Code  ??  gd32f4xx_i2c.o [4]
i2c_flag_get             0x800'e779    0x20  Code  ??  gd32f4xx_i2c.o [4]
i2c_master_addressing    0x800'e71d    0x18  Code  ??  gd32f4xx_i2c.o [4]
i2c_mode_addr_config     0x800'e6ef    0x20  Code  ??  gd32f4xx_i2c.o [4]
i2c_start_on_bus         0x800'e73f     0xa  Code  ??  gd32f4xx_i2c.o [4]
i2c_stop_on_bus          0x800'e749     0xa  Code  ??  gd32f4xx_i2c.o [4]
image2_temp             0x2000'9740  0x1d60  Data  ??  Ex7_dci.o [1]
image2_use              0x2000'79e0  0x1d60  Data  ??  Ex7_dci.o [1]
image_raw               0x2003'0000  0x5820  Data  ??  main.o [5]
image_ready             0x2000'b8ff     0x1  Data  ??  Ex7_dci.o [1]
image_size              0x2000'b900     0x1  Data  ??  Ex7_dci.o [1]
image_use               0x2000'01d4  0x4600  Data  ??  Ex7_dci.o [1]
img2                    0x2000'47e0  0x3200  Data  ??  Ex7_dci.o [1]
ldexp                    0x800'e9b5          Code  ??  ldexp.o [9]
ldexpl                   0x800'e9b5          Code  ??  ldexp.o [9]
localeconv               0x800'f1e1     0x4  Code  ??  xlocale_c.o [8]
main                     0x801'2f8d    0x64  Code  ??  main.o [5]
max_dv                  0x2000'b8fa     0x2  Data  ??  Lab3_ccd.o [1]
max_dv_index            0x2000'b903     0x1  Data  ??  Lab3_ccd.o [1]
max_v                   0x2000'b8f6     0x2  Data  ??  Lab3_ccd.o [1]
max_v_index             0x2000'b901     0x1  Data  ??  Lab3_ccd.o [1]
memchr                   0x800'e885          Code  ??  memchr.o [10]
menu_id                 0x2000'b906     0x1  Data  ??  main.o [5]
menu_item0              0x2000'0000    0xa0  Data  ??  00_MENU.o [1]
min_dv                  0x2000'b8fc     0x2  Data  ??  Lab3_ccd.o [1]
min_dv_index            0x2000'b904     0x1  Data  ??  Lab3_ccd.o [1]
min_v                   0x2000'b8f8     0x2  Data  ??  Lab3_ccd.o [1]
min_v_index             0x2000'b902     0x1  Data  ??  Lab3_ccd.o [1]
nvic_irq_enable          0x801'096b    0xcc  Code  ??  gd32f4xx_misc.o [4]
nvic_priority_group_set
                         0x801'0961     0xa  Code  ??  gd32f4xx_misc.o [4]
obuf                    0x2000'b83c    0x50  Data  Lc  xfiles.o [8]
pit_counter1            0x2000'b8f4     0x2  Data  Lc  hsp_timer.o [2]
pmu_backup_write_enable
                         0x800'c4fd     0xc  Code  ??  gd32f4xx_pmu.o [4]
prescaler_a             0x2000'b8d0     0x4  Data  ??  hsp_rtc.o [2]
prescaler_s             0x2000'b8d4     0x4  Data  ??  hsp_rtc.o [2]
printf                   0x801'14f9    0x28  Code  ??  printf.o [8]
putchar                  0x801'3135    0x44  Code  ??  putchar.o [8]
rcu_all_reset_flag_clear
                         0x800'c4c1     0xc  Code  ??  gd32f4xx_rcu.o [4]
rcu_clock_freq_get       0x800'c3a1   0x100  Code  ??  gd32f4xx_rcu.o [4]
rcu_flag_get             0x800'c4a1    0x20  Code  ??  gd32f4xx_rcu.o [4]
rcu_osci_on              0x800'c379    0x28  Code  ??  gd32f4xx_rcu.o [4]
rcu_osci_stab_wait       0x800'c1cb   0x1ae  Code  ??  gd32f4xx_rcu.o [4]
rcu_periph_clock_enable
                         0x800'c121    0x28  Code  ??  gd32f4xx_rcu.o [4]
rcu_periph_reset_disable
                         0x800'c171    0x28  Code  ??  gd32f4xx_rcu.o [4]
rcu_periph_reset_enable
                         0x800'c149    0x28  Code  ??  gd32f4xx_rcu.o [4]
rcu_rtc_clock_config     0x800'c199    0x12  Code  ??  gd32f4xx_rcu.o [4]
rcu_timer_clock_prescaler_config
                         0x800'c1ab    0x20  Code  ??  gd32f4xx_rcu.o [4]
rtc_current_time_get     0x800'c675    0xa4  Code  ??  gd32f4xx_rtc.o [4]
rtc_init                 0x800'c50d    0xb6  Code  ??  gd32f4xx_rtc.o [4]
rtc_init_mode_enter      0x800'c5c3    0x48  Code  ??  gd32f4xx_rtc.o [4]
rtc_init_mode_exit       0x800'c60b     0xe  Code  ??  gd32f4xx_rtc.o [4]
rtc_initpara1           0x2000'b88c    0x14  Data  ??  00_MENU.o [1]
rtc_register_sync_wait   0x800'c619    0x5c  Code  ??  gd32f4xx_rtc.o [4]
rtc_week_day             0x800'c819    0x84  Code  ??  hsp_rtc.o [2]
rtclimit                 0x801'3478     0xc  Data  ??  00_MENU.o [1]
scalbln                  0x800'e9b5          Code  ??  ldexp.o [9]
scalblnl                 0x800'e9b5          Code  ??  ldexp.o [9]
scalbn                   0x800'e9b5          Code  ??  ldexp.o [9]
scalbnl                  0x800'e9b5          Code  ??  ldexp.o [9]
scale                    0x800'e493    0x46  Code  Lc  xprintffull_nomb.o [8]
sec_hand                0x2000'b8e0     0x4  Data  Lc  xfail_s.o [8]
show_menu_cursor         0x800'a485    0xb6  Code  ??  00_MENU.o [1]
spi_dma_enable           0x800'cfaf    0x24  Code  ??  gd32f4xx_spi.o [4]
spi_enable               0x800'cfa5     0xa  Code  ??  gd32f4xx_spi.o [4]
spi_init                 0x800'cf69    0x3c  Code  ??  gd32f4xx_spi.o [4]
sprintf                  0x800'c8bd    0x40  Code  ??  sprintf.o [8]
sqrt                     0x801'2a69          Code  ??  sqrt.o [9]
sqrtl                    0x801'2a69          Code  ??  sqrt.o [9]
store                   0x2000'b798    0x50  Data  Lc  xxwritebuffered.o [8]
storeLen                0x2000'b7e8     0x4  Data  Lc  xxwritebuffered.o [8]
strchr                   0x800'e7f5          Code  ??  strchr.o [10]
strlen                   0x800'e84d          Code  ??  strlen.o [10]
sys_tick_counter        0x2000'b8d8     0x4  Data  ??  main.o [5]
system_clock_240m_8m_hxtal
                         0x801'2d7f    0xa4  Code  Lc  system_gd32f4xx.o [3]
system_clock_config      0x801'2d77     0x8  Code  Lc  system_gd32f4xx.o [3]
systick_config           0x800'c0c5    0x24  Code  ??  systick.o [5]
tQESVar                 0x2000'b8e6     0x2  Data  ??  00_MENU.o [1]
tft_ascii                0x801'0a48   0x5f0  Data  ??  HSP_TFT18.o [7]
timer_auto_reload_shadow_enable
                         0x800'f679     0xa  Code  ??  gd32f4xx_timer.o [4]
timer_channel_output_config
                         0x800'f6c9   0x31c  Code  ??  gd32f4xx_timer.o [4]
timer_channel_output_mode_config
                         0x800'fa1d    0xae  Code  ??  gd32f4xx_timer.o [4]
timer_channel_output_pulse_value_config
                         0x800'facb    0x36  Code  ??  gd32f4xx_timer.o [4]
timer_channel_output_shadow_config
                         0x800'fb01    0xae  Code  ??  gd32f4xx_timer.o [4]
timer_channel_output_struct_para_init
                         0x800'f6af    0x1a  Code  ??  gd32f4xx_timer.o [4]
timer_deinit             0x800'f439   0x17a  Code  ??  gd32f4xx_timer.o [4]
timer_enable             0x800'f66f     0xa  Code  ??  gd32f4xx_timer.o [4]
timer_external_clock_mode0_config
                         0x800'fd45    0x38  Code  ??  gd32f4xx_timer.o [4]
timer_external_trigger_as_external_clock_config
                         0x800'fc05   0x140  Code  ??  gd32f4xx_timer.o [4]
timer_external_trigger_config
                         0x800'fbcf    0x36  Code  ??  gd32f4xx_timer.o [4]
timer_init               0x800'f5cf    0xa0  Code  ??  gd32f4xx_timer.o [4]
timer_input_trigger_source_select
                         0x800'fbaf    0x20  Code  ??  gd32f4xx_timer.o [4]
timer_interrupt_flag_clear
                         0x800'fd9d     0xa  Code  ??  gd32f4xx_timer.o [4]
timer_interrupt_flag_get
                         0x800'fd7d    0x20  Code  ??  gd32f4xx_timer.o [4]
timer_primary_output_config
                         0x800'f683    0x2c  Code  ??  gd32f4xx_timer.o [4]
timer_struct_para_init   0x800'f5b3    0x1c  Code  ??  gd32f4xx_timer.o [4]
usart_data_transmit      0x801'2f45     0xe  Code  ??  gd32f4xx_usart.o [4]
usart_flag_get           0x801'2f53    0x20  Code  ??  gd32f4xx_usart.o [4]


[1] = D:\Files\SJTU\second_second\engineering4-D\HSP_C6\HSP\Debug\Obj\App_2489385672134236918.dir
[2] = D:\Files\SJTU\second_second\engineering4-D\HSP_C6\HSP\Debug\Obj\Board_7221520210927654578.dir
[3] = D:\Files\SJTU\second_second\engineering4-D\HSP_C6\HSP\Debug\Obj\CMSIS_13545061835669826545.dir
[4] = D:\Files\SJTU\second_second\engineering4-D\HSP_C6\HSP\Debug\Obj\GD32F470_Peripherals_11143062579488607573.dir
[5] = D:\Files\SJTU\second_second\engineering4-D\HSP_C6\HSP\Debug\Obj\Main_13238667732884069010.dir
[6] = D:\Files\SJTU\second_second\engineering4-D\HSP_C6\HSP\Debug\Obj\Startup_17868067532763321386.dir
[7] = D:\Files\SJTU\second_second\engineering4-D\HSP_C6\HSP\Debug\Obj\Utilities_17002154029713865955.dir
[8] = dl7M_tlf.a
[9] = m7M_tls.a
[10] = rt7M_tl.a
[11] = shb_l.a

  35'843 bytes of readonly  code memory
  43'788 bytes of readonly  data memory
  55'559 bytes of readwrite data memory (+ 22'560 absolute)

Errors: none
Warnings: none
